// Jest Snapshot v1, https://goo.gl/fbAQLP

exports[`SpecializationDropdown matches the snapshot 1`] = `
<div>
  <div
    className="MuiFormControl-root css-1nrlq1o-MuiFormControl-root"
    style={
      Object {
        "marginRight": 10,
        "minWidth": 200,
      }
    }
  >
    <label
      className="MuiFormLabel-root MuiInputLabel-root MuiInputLabel-formControl MuiInputLabel-animated MuiInputLabel-sizeMedium MuiInputLabel-outlined MuiFormLabel-colorPrimary MuiInputLabel-root MuiInputLabel-formControl MuiInputLabel-animated MuiInputLabel-sizeMedium MuiInputLabel-outlined css-14s5rfu-MuiFormLabel-root-MuiInputLabel-root"
      data-shrink={false}
      id="specialization-label"
    >
      Специализация
    </label>
    <div
      className="MuiInputBase-root MuiOutlinedInput-root MuiInputBase-colorPrimary MuiInputBase-formControl  css-1yk1gt9-MuiInputBase-root-MuiOutlinedInput-root-MuiSelect-root"
      onClick={[Function]}
    >
      <div
        aria-controls=":r0:"
        aria-expanded="false"
        aria-haspopup="listbox"
        aria-labelledby="specialization-label specialization-select"
        className="MuiSelect-select MuiSelect-outlined MuiInputBase-input MuiOutlinedInput-input css-11u53oe-MuiSelect-select-MuiInputBase-input-MuiOutlinedInput-input"
        id="specialization-select"
        onBlur={[Function]}
        onFocus={[Function]}
        onKeyDown={[Function]}
        onMouseDown={[Function]}
        role="combobox"
        tabIndex={0}
      >
        <span
          className="notranslate"
        >
          ​
        </span>
      </div>
      <input
        aria-hidden={true}
        aria-invalid={false}
        className="MuiSelect-nativeInput css-yf8vq0-MuiSelect-nativeInput"
        disabled={false}
        onAnimationStart={[Function]}
        onChange={[Function]}
        required={false}
        tabIndex={-1}
        value=""
      />
      <svg
        aria-hidden={true}
        className="MuiSvgIcon-root MuiSvgIcon-fontSizeMedium MuiSelect-icon MuiSelect-iconOutlined css-hfutr2-MuiSvgIcon-root-MuiSelect-icon"
        data-testid="ArrowDropDownIcon"
        focusable="false"
        viewBox="0 0 24 24"
      >
        <path
          d="M7 10l5 5 5-5z"
        />
      </svg>
      <fieldset
        aria-hidden={true}
        className="MuiOutlinedInput-notchedOutline css-1d3z3hw-MuiOutlinedInput-notchedOutline"
      >
        <legend
          className="css-yjsfm1"
        >
          <span>
            Специализация
          </span>
        </legend>
      </fieldset>
    </div>
  </div>
</div>
`;
